// Jest Snapshot v1, https://goo.gl/fbAQLP

exports[`Data Снимок состояния 1`] = `<DocumentFragment />`;
