// Jest Snapshot v1, https://goo.gl/fbAQLP

exports[`Chats Снимок состояния 1`] = `
<DocumentFragment>
  <div
    class="main"
  >
    <div
      class="chats"
    >
      Чаты user:
      <div
        class="wrap"
      >
        <ul
          class="MuiList-root MuiList-padding chatList css-1mcnwpj-MuiList-root"
        >
          <li
            class="MuiListItem-root MuiListItem-gutters css-g28sfz-MuiListItem-root"
          >
            <div
              class="MuiListItemButton-root MuiListItemButton-dense MuiListItemButton-gutters MuiButtonBase-root css-1m4u3pv-MuiButtonBase-root-MuiListItemButton-root"
              data-testid="chat-item-1"
              tabindex="0"
            >
              <div
                class="MuiListItemIcon-root css-cveggr-MuiListItemIcon-root"
              >
                <span
                  class="MuiCheckbox-root MuiCheckbox-colorPrimary MuiButtonBase-root MuiCheckbox-root MuiCheckbox-colorPrimary PrivateSwitchBase-root PrivateSwitchBase-edgeStart css-zkqepn-MuiButtonBase-root-MuiCheckbox-root"
                >
                  <input
                    aria-labelledby="checkbox-list-label-1"
                    class="PrivateSwitchBase-input css-1m9pwf3"
                    data-indeterminate="false"
                    data-testid="chat-check-1"
                    tabindex="-1"
                    type="checkbox"
                  />
                  <svg
                    aria-hidden="true"
                    class="MuiSvgIcon-root MuiSvgIcon-fontSizeMedium css-i4bv87-MuiSvgIcon-root"
                    data-testid="CheckBoxOutlineBlankIcon"
                    focusable="false"
                    viewBox="0 0 24 24"
                  >
                    <path
                      d="M19 5v14H5V5h14m0-2H5c-1.1 0-2 .9-2 2v14c0 1.1.9 2 2 2h14c1.1 0 2-.9 2-2V5c0-1.1-.9-2-2-2z"
                    />
                  </svg>
                </span>
              </div>
              <div
                class="MuiListItemText-root MuiListItemText-dense css-tlelie-MuiListItemText-root"
                id="checkbox-list-label-1"
              >
                <span
                  class="MuiTypography-root MuiTypography-body2 MuiListItemText-primary css-et1ao3-MuiTypography-root"
                >
                  чат 1
                </span>
              </div>
              <span
                class="MuiTouchRipple-root css-8je8zh-MuiTouchRipple-root"
              />
            </div>
            <div
              class="MuiListItemSecondaryAction-root css-518kzi-MuiListItemSecondaryAction-root"
            >
              <a
                class=""
                href="/chats/1"
              >
                <button
                  aria-label="comments"
                  class="MuiButtonBase-root MuiIconButton-root MuiIconButton-edgeEnd MuiIconButton-sizeMedium css-1yq5fb3-MuiButtonBase-root-MuiIconButton-root"
                  data-testid="chat-change-1"
                  tabindex="0"
                  type="button"
                >
                  <svg
                    aria-hidden="true"
                    class="MuiSvgIcon-root MuiSvgIcon-fontSizeMedium css-i4bv87-MuiSvgIcon-root"
                    data-testid="CommentIcon"
                    focusable="false"
                    viewBox="0 0 24 24"
                  >
                    <path
                      d="M21.99 4c0-1.1-.89-2-1.99-2H4c-1.1 0-2 .9-2 2v12c0 1.1.9 2 2 2h14l4 4-.01-18zM18 14H6v-2h12v2zm0-3H6V9h12v2zm0-3H6V6h12v2z"
                    />
                  </svg>
                  <span
                    class="MuiTouchRipple-root css-8je8zh-MuiTouchRipple-root"
                  />
                </button>
              </a>
            </div>
          </li>
        </ul>
        <div
          class="manage css-e53awj-MuiStack-root"
        >
          <button
            class="MuiButton-root MuiButton-outlined MuiButton-outlinedPrimary MuiButton-sizeMedium MuiButton-outlinedSizeMedium MuiButtonBase-root Mui-disabled  css-1rwt2y5-MuiButtonBase-root-MuiButton-root"
            data-testid="chats-button-remove"
            disabled=""
            tabindex="-1"
            type="button"
          >
            <span
              class="MuiButton-startIcon MuiButton-iconSizeMedium css-1d6wzja-MuiButton-startIcon"
            >
              <svg
                aria-hidden="true"
                class="MuiSvgIcon-root MuiSvgIcon-fontSizeMedium css-i4bv87-MuiSvgIcon-root"
                data-testid="DeleteIcon"
                focusable="false"
                viewBox="0 0 24 24"
              >
                <path
                  d="M6 19c0 1.1.9 2 2 2h8c1.1 0 2-.9 2-2V7H6v12zM19 4h-3.5l-1-1h-5l-1 1H5v2h14V4z"
                />
              </svg>
            </span>
            Удалить
          </button>
          <button
            class="MuiButton-root MuiButton-outlined MuiButton-outlinedPrimary MuiButton-sizeMedium MuiButton-outlinedSizeMedium MuiButtonBase-root  css-1rwt2y5-MuiButtonBase-root-MuiButton-root"
            data-testid="chats-button-add"
            tabindex="0"
            type="button"
          >
            <span
              class="MuiButton-startIcon MuiButton-iconSizeMedium css-1d6wzja-MuiButton-startIcon"
            >
              <svg
                aria-hidden="true"
                class="MuiSvgIcon-root MuiSvgIcon-fontSizeMedium css-i4bv87-MuiSvgIcon-root"
                data-testid="AddIcon"
                focusable="false"
                viewBox="0 0 24 24"
              >
                <path
                  d="M19 13h-6v6h-2v-6H5v-2h6V5h2v6h6v2z"
                />
              </svg>
            </span>
            Добавить
            <span
              class="MuiTouchRipple-root css-8je8zh-MuiTouchRipple-root"
            />
          </button>
        </div>
      </div>
    </div>
    <div
      class="messages"
    >
      Сообщения:
      <div
        class="wrap"
      >
        <ul
          class="messages"
        >
          <li
            class="message"
            data-testid="list-item-0"
          >
            <p
              class="message_text"
            >
              Выберите чат для отображения сообщений
            </p>
            <p
              class="message_author"
            >
              BOT
            </p>
          </li>
        </ul>
        <form
          class="form"
        >
          <div
            class="MuiFormControl-root MuiTextField-root textField css-1u3bzj6-MuiFormControl-root-MuiTextField-root"
          >
            <label
              class="MuiInputLabel-root MuiInputLabel-formControl MuiInputLabel-animated MuiInputLabel-outlined MuiFormLabel-root MuiFormLabel-colorPrimary Mui-disabled Mui-required css-14s5rfu-MuiFormLabel-root-MuiInputLabel-root"
              data-shrink="false"
              for="outlined-multiline-static"
              id="outlined-multiline-static-label"
            >
              Текст сообщения
              <span
                aria-hidden="true"
                class="MuiInputLabel-asterisk MuiFormLabel-asterisk css-wgai2y-MuiFormLabel-asterisk"
              >
                 *
              </span>
            </label>
            <div
              class="MuiOutlinedInput-root MuiInputBase-root MuiInputBase-colorPrimary Mui-disabled MuiInputBase-formControl MuiInputBase-multiline css-dpjnhs-MuiInputBase-root-MuiOutlinedInput-root"
            >
              <textarea
                aria-invalid="false"
                class="MuiOutlinedInput-input MuiInputBase-input Mui-disabled MuiInputBase-inputMultiline css-1sqnrkk-MuiInputBase-input-MuiOutlinedInput-input"
                data-testid="message-form-input"
                disabled=""
                id="outlined-multiline-static"
                name="text"
                required=""
                rows="2"
                style="height: 0px; overflow: hidden;"
              />
              <textarea
                aria-hidden="true"
                class="MuiOutlinedInput-input MuiInputBase-input Mui-disabled MuiInputBase-inputMultiline css-1sqnrkk-MuiInputBase-input-MuiOutlinedInput-input"
                readonly=""
                style="visibility: hidden; position: absolute; overflow: hidden; height: 0px; top: 0px; left: 0px; transform: translateZ(0); padding: 0px; width: 100%;"
                tabindex="-1"
              />
              <fieldset
                aria-hidden="true"
                class="MuiOutlinedInput-notchedOutline css-1d3z3hw-MuiOutlinedInput-notchedOutline"
              >
                <legend
                  class="css-173wfxe"
                >
                  <span>
                    Текст сообщения *
                  </span>
                </legend>
              </fieldset>
            </div>
          </div>
          <button
            class="MuiButton-root MuiButton-outlined MuiButton-outlinedPrimary MuiButton-sizeMedium MuiButton-outlinedSizeMedium MuiButtonBase-root Mui-disabled  css-1rwt2y5-MuiButtonBase-root-MuiButton-root"
            data-testid="message-form-button"
            disabled=""
            tabindex="-1"
            type="submit"
          >
            <svg
              aria-hidden="true"
              class="MuiSvgIcon-root MuiSvgIcon-fontSizeMedium css-i4bv87-MuiSvgIcon-root"
              data-testid="SendIcon"
              focusable="false"
              viewBox="0 0 24 24"
            >
              <path
                d="M2.01 21 23 12 2.01 3 2 10l15 2-15 2z"
              />
            </svg>
          </button>
        </form>
      </div>
    </div>
  </div>
</DocumentFragment>
`;
