// Jest Snapshot v1, https://goo.gl/fbAQLP

exports[`MessageContain Снимок состояния 1`] = `
<DocumentFragment>
  <div
    class="wrap"
  />
</DocumentFragment>
`;
